// Vitest Snapshot v1, https://vitest.dev/guide/snapshot.html

exports[`matches snapshot 1`] = `
<DocumentFragment>
  <div>
    <div
      style="height: 5em; width: 5em; background-color: blue;"
    />
    <button>
      Remove this box
    </button>
  </div>
</DocumentFragment>
`;
