// Vitest Snapshot v1, https://vitest.dev/guide/snapshot.html

exports[`matches snapshot 1`] = `
<DocumentFragment>
  <div>
    <div>
      <form>
        <div>
          <label
            for="height"
          >
            Height
          </label>
          <input
            id="height"
            name="height"
            type="text"
            value=""
          />
        </div>
        <div>
          <label
            for="width"
          >
            Width
          </label>
          <input
            id="width"
            name="width"
            type="text"
            value=""
          />
        </div>
        <div>
          <label
            for="backgroundColor"
          >
            Background Color
          </label>
          <input
            id="backgroundColor"
            name="backgroundColor"
            type="text"
            value=""
          />
        </div>
        <button
          id="newBoxButton"
        >
          Click to add a new box.
        </button>
      </form>
    </div>
  </div>
</DocumentFragment>
`;
