// Vitest Snapshot v1, https://vitest.dev/guide/snapshot.html

exports[`matches snapshot 1`] = `
<DocumentFragment>
  <div>
    <div>
      <form>
        <label
          for="task"
        >
          Task:
        </label>
        <input
          id="task"
          name="task"
          type="text"
          value=""
        />
        <button>
          Add a todo!
        </button>
      </form>
    </div>
  </div>
</DocumentFragment>
`;
